#-----------------------------------------------------------
# Vivado v2025.1 (64-bit)
# SW Build 6140274 on Wed May 21 22:58:25 MDT 2025
# IP Build 6138677 on Thu May 22 03:10:11 MDT 2025
# SharedData Build 6139179 on Tue May 20 17:58:58 MDT 2025
# Start of session at: Tue Dec  2 22:28:58 2025
# Process ID         : 1872883
# Current directory  : /home/stealthadmin/ECEN5713/Repo_FinalProject/final-project-DonavonFaceyCU/vivado/Example_Project/Example_Project.runs/synth_1
# Command line       : vivado -log TopLevelModule.vds -product Vivado -mode batch -messageDb vivado.pb -notrace -source TopLevelModule.tcl
# Log file           : /home/stealthadmin/ECEN5713/Repo_FinalProject/final-project-DonavonFaceyCU/vivado/Example_Project/Example_Project.runs/synth_1/TopLevelModule.vds
# Journal file       : /home/stealthadmin/ECEN5713/Repo_FinalProject/final-project-DonavonFaceyCU/vivado/Example_Project/Example_Project.runs/synth_1/vivado.jou
# Running On         : Ubuntu
# Platform           : Ubuntu
# Operating System   : Ubuntu 22.04.5 LTS
# Processor Detail   : AMD Ryzen 7 5700G with Radeon Graphics
# CPU Frequency      : 3792.878 MHz
# CPU Physical cores : 8
# CPU Logical cores  : 8
# Host memory        : 16769 MB
# Swap memory        : 4087 MB
# Total Virtual      : 20856 MB
# Available Virtual  : 12186 MB
#-----------------------------------------------------------
source TopLevelModule.tcl -notrace
